[vj0@triloka8 ~]$ pwd
/gsa/yktgsa/home/v/j/vj0
[vj0@triloka8 ~]$ cd summa
[vj0@triloka8 summa]$ ls
mpi  #runlog1.txt#  runlog1.txt  summa.tar
[vj0@triloka8 summa]$ ls -atrl
total 632
-rwx------  1 vj0 vj0 272896 Oct 30 04:15 summa.tar
-rw-r--r--  1 vj0 vj0 178970 Oct 30 13:40 runlog1.txt
-rw-r--r--  1 vj0 vj0 178970 Oct 30 14:30 #runlog1.txt#
drwxr-xr-x  3 vj0 vj0   2048 Oct 30 18:47 .
drwx------  2 vj0 vj0   2048 Nov  4 02:26 mpi
drwxr-xr-x 61 vj0 vj0   8192 Nov 13 10:15 ..
[vj0@triloka8 summa]$ cd ../ipm
[vj0@triloka8 ipm]$ ls
examples  src  summa
[vj0@triloka8 ipm]$ ls -atlr
total 18
drwxr-xr-x  3 vj0 vj0 2048 Nov 12 07:05 summa
drwxr-xr-x  4 vj0 vj0 2048 Nov 12 07:05 src
drwxr-xr-x  6 vj0 vj0 2048 Nov 12 07:05 .
drwxr-xr-x  6 vj0 vj0 2048 Nov 12 07:05 .svn
drwxr-xr-x  4 vj0 vj0 2048 Nov 12 09:23 examples
drwxr-xr-x 61 vj0 vj0 8192 Nov 13 10:15 ..
[vj0@triloka8 ipm]$ svn up
D    examples/TestSumma.x10
U    examples/summa/test_suite/PerfSummaXP2P_TestOut.log
U    examples/summa/test_suite/PerfSummaXC_TestOut.log
U    examples/summa/test_suite/PerfSummaXTeam_TestOut.log
U    examples/summa/test_suite/perfsumma_cmpi_TestOut.log
U    examples/summa/Makefile
A    examples/summa-team-standalone
A    examples/summa-team-standalone/SummaTeam.x10
A    examples/summa-team-standalone/blas
A    examples/summa-team-standalone/blas/wrap_blas.h
A    examples/summa-team-standalone/blas/blas_double_api.txt
A    examples/summa-team-standalone/blas/wrap_blas.c
A    examples/summa-team-standalone/blas/MatrixBlas.x10
A    examples/summa-team-standalone/SummaTeamBlas.x10
A    examples/summa-team-standalone/RunSummaXT.x10
A    examples/summa-team-standalone/RunSummaXTBlas.x10
A    examples/summa-team-standalone/Makefile
A    examples/summa-team-standalone/README
U    examples/Makefile
Updated to revision 821.
[vj0@triloka8 ipm]$ cd examples/summa-team-standalone/
[vj0@triloka8 summa-team-standalone]$ make blasxt
rm -f blas/MatrixBlas.cc blas/MatrixBlas.h blas/MatrixBlas.inc RunSummaXTBlas
/opt/x10/bin/x10c++ -x10rt mpi -report postcompile=2 -v -errors 5 -O -VERBOSE_CALLS -NO_CHECKS=true  RunSummaXTBlas.x10 -o RunSummaXTBlas -post 'g++ #  # -lblas -lgfortran '
"/opt/ibm/java-x86_64-60//bin/java" -Xmx512m   -classpath "/opt/x10/lib/x10c.jar:/opt/x10/classes:/opt/x10/lib/x10c.jar:/opt/x10/lib/x10.jar:/opt/x10/lib/:/opt/x10/lib/:/opt/x10/lib/:/opt/x10/lib/lpg.jar:/opt/x10/lib/wala.jar:/opt/x10/lib/com.ibm.wala.cast.x10.jar:/opt/x10/lib/org.eclipse.equinox.common_3.6.0.v20100503.jar"  polyglot.main.Main -extclass x10cuda.ExtensionInfo  -sourcepath "/opt/x10/lib/x10.jar"  -OPTIMIZE=true  '-report' 'postcompile=2' '-errors' '5' '-VERBOSE_CALLS' '-NO_CHECKS=true' 'RunSummaXTBlas.x10' '-o' 'RunSummaXTBlas' '-post' 'g++ #  # -lblas -lgfortran '
 Output files: [blas/MatrixBlas.inc, SummaTeamBlas.h, RunSummaXTBlas.cc, blas/wrap_blas.c, SummaTeamBlas.cc, RunSummaXTBlas.h, blas/wrap_blas.h, SummaTeamBlas.inc, blas/MatrixBlas.h, RunSummaXTBlas.inc, blas/MatrixBlas.cc]
Executing post-compiler g++ -g -I/opt/x10/include -I/gsa/yktgsa-h1/06/vj0/ipm/examples/summa-team-standalone -I. -O2 -DNDEBUG -DNO_PLACE_CHECKS -finline-functions -DNO_CHECKS -Wno-long-long -Wno-unused-parameter -pthread -msse2 -mfpmath=sse -o /gsa/yktgsa-h1/06/vj0/ipm/examples/summa-team-standalone/RunSummaXTBlas RunSummaXTBlas.cc blas/wrap_blas.c SummaTeamBlas.cc blas/MatrixBlas.cc -L/opt/x10/lib -lx10 -DX10_USE_BDWGC -lgc -lx10rt_mpi -lpmi -ldl -lm -lpthread -Wl,--rpath -Wl,/opt/x10/lib -Wl,-export-dynamic -lrt -lblas -lgfortran 
x10c++: /usr/bin/ld: warning: libgfortran.so.1, needed by /usr/lib/gcc/x86_64-redhat-linux6E/4.3.2/../../../../lib64/libblas.so, may conflict with libgfortran.so.3    
[vj0@triloka8 summa-team-standalone]$ mpirun -np 4 ./RunSummaXT 1024 32
mpiexec_triloka8.watson.ibm.com: cannot connect to local mpd (/tmp/mpd2.console_vj0); possible causes:
  1. no mpd is running on this host
  2. an mpd is running but was started without a "console" (-n option)
In case 1, you can start an mpd on this host with:
    mpd &
and you will be able to run jobs just on this host.
For more details on starting mpds on a set of hosts, see
the MVAPICH2 User Guide.
[vj0@triloka8 summa-team-standalone]$ mpd &
[1] 6341
[vj0@triloka8 summa-team-standalone]$ mpirun -np 4 ./RunSummaXT 1024 32
problem with execution of ./RunSummaXT  on  triloka8.watson.ibm.com:  [Errno 2] No such file or directory 
problem with execution of ./RunSummaXT  on  triloka8.watson.ibm.com:  [Errno 2] No such file or directory 
problem with execution of ./RunSummaXT  on  triloka8.watson.ibm.com:  [Errno 2] No such file or directory 
problem with execution of ./RunSummaXT  on  triloka8.watson.ibm.com:  [Errno 2] No such file or directory 
[vj0@triloka8 summa-team-standalone]$ ls -atlr
total 2454
-rw-rw-r-- 1 vj0 vj0    6575 Nov 13 15:26 SummaTeam.x10
-rw-rw-r-- 1 vj0 vj0    6729 Nov 13 15:26 SummaTeamBlas.x10
-rw-rw-r-- 1 vj0 vj0    6819 Nov 13 15:26 RunSummaXT.x10
-rw-rw-r-- 1 vj0 vj0    7163 Nov 13 15:26 RunSummaXTBlas.x10~
-rwxrwxr-x 1 vj0 vj0    2062 Nov 13 15:26 Makefile
-rw-rw-r-- 1 vj0 vj0     421 Nov 13 15:26 README
drwxr-xr-x 5 vj0 vj0    2048 Nov 13 15:26 ..
drwxr-xr-x 6 vj0 vj0    2048 Nov 13 15:26 .svn
-rw-rw-r-- 1 vj0 vj0    7022 Nov 13 15:31 RunSummaXTBlas.x10
-rw-r--r-- 1 vj0 vj0   35039 Nov 13 15:32 RunSummaXTBlas.cc
-rw-r--r-- 1 vj0 vj0    6192 Nov 13 15:32 RunSummaXTBlas.h
-rw-r--r-- 1 vj0 vj0   14262 Nov 13 15:32 RunSummaXTBlas.inc
-rw-r--r-- 1 vj0 vj0   42673 Nov 13 15:32 SummaTeamBlas.cc
-rw-r--r-- 1 vj0 vj0    5819 Nov 13 15:32 SummaTeamBlas.h
-rw-r--r-- 1 vj0 vj0   14466 Nov 13 15:32 SummaTeamBlas.inc
drwxr-xr-x 3 vj0 vj0    2048 Nov 13 15:32 blas
drwxr-xr-x 4 vj0 vj0    2048 Nov 13 15:33 .
-rwxr-xr-x 1 vj0 vj0 2330906 Nov 13 15:33 RunSummaXTBlas
[vj0@triloka8 summa-team-standalone]$ mpirun -np 4 ./RunSummaXTBlas 1024 32
[ring_startup.c:155]: PMI_KVS_Commit error 

[ring_startup.c:155]: PMI_KVS_Commit error 

[ring_startup.c:155]: PMI_KVS_Commit error 

[ring_startup.c:155]: PMI_KVS_Commit error 

[vj0@triloka8 summa-team-standalone]$ make clean
rm -f blas/MatrixBlas.cc blas/MatrixBlas.h blas/MatrixBlas.inc RunSummaXTBlas
rm -f *.cc *.h *.inc *.o RunSummaXT
[vj0@triloka8 summa-team-standalone]$ make blasxt
rm -f blas/MatrixBlas.cc blas/MatrixBlas.h blas/MatrixBlas.inc RunSummaXTBlas
~/x102101/x10.dist/bin/x10c++ -x10rt mpi -report postcompile=2 -v -errors 5 -O -VERBOSE_CALLS -NO_CHECKS=true -post "# # -lpmi #"  RunSummaXTBlas.x10 -o RunSummaXTBlas -post 'g++ #  # -lblas -lgfortran '
"/opt/ibm/java-x86_64-60//bin/java" -Xmx512m   -classpath "/gsa/yktgsa/home/v/j/vj0/x102101/x10.dist/lib/x10c.jar:/gsa/yktgsa/home/v/j/vj0/x102101/x10.dist/classes:/gsa/yktgsa/home/v/j/vj0/x102101/x10.dist/lib/x10c.jar:/gsa/yktgsa/home/v/j/vj0/x102101/x10.dist/lib/x10.jar:/gsa/yktgsa/home/v/j/vj0/x102101/x10.dist/lib/:/gsa/yktgsa/home/v/j/vj0/x102101/x10.dist/lib/:/gsa/yktgsa/home/v/j/vj0/x102101/x10.dist/lib/:/gsa/yktgsa/home/v/j/vj0/x102101/x10.dist/lib/lpg.jar:/gsa/yktgsa/home/v/j/vj0/x102101/x10.dist/lib/wala.jar:/gsa/yktgsa/home/v/j/vj0/x102101/x10.dist/lib/com.ibm.wala.cast.x10.jar:/gsa/yktgsa/home/v/j/vj0/x102101/x10.dist/lib/org.eclipse.equinox.common_3.6.0.v20100503.jar"  polyglot.main.Main -extclass x10cuda.ExtensionInfo  -sourcepath "/gsa/yktgsa/home/v/j/vj0/x102101/x10.dist/lib/x10.jar"  -OPTIMIZE=true  '-report' 'postcompile=2' '-errors' '5' '-VERBOSE_CALLS' '-NO_CHECKS=true' '-post' '# # -lpmi #' 'RunSummaXTBlas.x10' '-o' 'RunSummaXTBlas' '-post' 'g++ #  # -lblas -lgfortran '
 Output files: [blas/MatrixBlas.inc, SummaTeamBlas.h, RunSummaXTBlas.cc, blas/wrap_blas.c, SummaTeamBlas.cc, RunSummaXTBlas.h, blas/wrap_blas.h, SummaTeamBlas.inc, blas/MatrixBlas.h, RunSummaXTBlas.inc, blas/MatrixBlas.cc]
Executing post-compiler g++ -g -I/gsa/yktgsa/home/v/j/vj0/x102101/x10.dist/include -I/gsa/yktgsa-h1/06/vj0/ipm/examples/summa-team-standalone -I. -O2 -DNDEBUG -DNO_PLACE_CHECKS -finline-functions -DNO_CHECKS -Wno-long-long -Wno-unused-parameter -pthread -msse2 -mfpmath=sse -o /gsa/yktgsa-h1/06/vj0/ipm/examples/summa-team-standalone/RunSummaXTBlas RunSummaXTBlas.cc blas/wrap_blas.c SummaTeamBlas.cc blas/MatrixBlas.cc -L/gsa/yktgsa/home/v/j/vj0/x102101/x10.dist/lib -lx10 -DX10_USE_BDWGC -lgc -lx10rt_mpi -ldl -lm -lpthread -Wl,--rpath -Wl,/gsa/yktgsa/home/v/j/vj0/x102101/x10.dist/lib -Wl,-export-dynamic -lrt -lblas -lgfortran 
x10c++: /usr/bin/ld: warning: libgfortran.so.1, needed by /usr/lib/gcc/x86_64-redhat-linux6E/4.3.2/../../../../lib64/libblas.so, may conflict with libgfortran.so.3    
[vj0@triloka8 summa-team-standalone]$ echo $X10_NTHREADS
1
[vj0@triloka8 summa-team-standalone]$ ldd RunSummaXT
ldd: ./RunSummaXT: No such file or directory
[vj0@triloka8 summa-team-standalone]$ ls -atlr
total 2484
-rw-rw-r-- 1 vj0 vj0    6575 Nov 13 15:26 SummaTeam.x10
-rw-rw-r-- 1 vj0 vj0    6729 Nov 13 15:26 SummaTeamBlas.x10
-rw-rw-r-- 1 vj0 vj0    6819 Nov 13 15:26 RunSummaXT.x10
-rw-rw-r-- 1 vj0 vj0    7163 Nov 13 15:26 RunSummaXTBlas.x10~
-rwxrwxr-x 1 vj0 vj0    2062 Nov 13 15:26 Makefile~
-rw-rw-r-- 1 vj0 vj0     421 Nov 13 15:26 README
drwxr-xr-x 5 vj0 vj0    2048 Nov 13 15:26 ..
drwxr-xr-x 6 vj0 vj0    2048 Nov 13 15:26 .svn
-rw-rw-r-- 1 vj0 vj0    7022 Nov 13 15:31 RunSummaXTBlas.x10
-rwxrwxr-x 1 vj0 vj0    2089 Nov 13 15:37 Makefile
-rw-r--r-- 1 vj0 vj0   35039 Nov 13 15:37 RunSummaXTBlas.cc
-rw-r--r-- 1 vj0 vj0    6192 Nov 13 15:37 RunSummaXTBlas.h
-rw-r--r-- 1 vj0 vj0   14262 Nov 13 15:37 RunSummaXTBlas.inc
-rw-r--r-- 1 vj0 vj0   42673 Nov 13 15:37 SummaTeamBlas.cc
-rw-r--r-- 1 vj0 vj0    5819 Nov 13 15:37 SummaTeamBlas.h
-rw-r--r-- 1 vj0 vj0   14466 Nov 13 15:37 SummaTeamBlas.inc
drwxr-xr-x 3 vj0 vj0    2048 Nov 13 15:37 blas
drwxr-xr-x 4 vj0 vj0    2048 Nov 13 15:38 .
-rwxr-xr-x 1 vj0 vj0 2332002 Nov 13 15:38 RunSummaXTBlas
[vj0@triloka8 summa-team-standalone]$ ldd RunSummaXTBlas
	libx10.so => /gsa/yktgsa/home/v/j/vj0/x102101/x10.dist/lib/libx10.so (0x00002b6341e06000)
	libgc.so.1 => /gsa/yktgsa/home/v/j/vj0/x102101/x10.dist/lib/libgc.so.1 (0x00002b6342df5000)
	libx10rt_mpi.so => /gsa/yktgsa/home/v/j/vj0/x102101/x10.dist/lib/libx10rt_mpi.so (0x00002b634304b000)
	libdl.so.2 => /lib64/libdl.so.2 (0x0000003649400000)
	libpthread.so.0 => /lib64/libpthread.so.0 (0x0000003649800000)
	librt.so.1 => /lib64/librt.so.1 (0x000000364c800000)
	libblas.so.3 => /usr/lib64/libblas.so.3 (0x00002b634329a000)
	libgfortran.so.3 => /usr/lib64/libgfortran.so.3 (0x00002b63434eb000)
	libstdc++.so.6 => /usr/lib64/libstdc++.so.6 (0x000000364ec00000)
	libm.so.6 => /lib64/libm.so.6 (0x0000003649000000)
	libgcc_s.so.1 => /lib64/libgcc_s.so.1 (0x000000364b800000)
	libc.so.6 => /lib64/libc.so.6 (0x0000003648c00000)
	/lib64/ld-linux-x86-64.so.2 (0x0000003648800000)
	libmpichcxx.so.1.1 => /usr/local/mvapich2/mvapich2-1.4-2009-11-15/lib/libmpichcxx.so.1.1 (0x00002b63437d7000)
	libmpich.so.1.1 => /usr/local/mvapich2/mvapich2-1.4-2009-11-15/lib/libmpich.so.1.1 (0x00002b63439fb000)
	librdmacm.so.1 => /usr/lib64/librdmacm.so.1 (0x000000364a000000)
	libibverbs.so.1 => /usr/lib64/libibverbs.so.1 (0x00002b6343de4000)
	libibumad.so.1 => /usr/lib64/libibumad.so.1 (0x0000003649c00000)
	libgfortran.so.1 => /usr/lib64/libgfortran.so.1 (0x00002b6343ff1000)
	libibcommon.so.1 => /usr/lib64/libibcommon.so.1 (0x00002b6344289000)
[vj0@triloka8 summa-team-standalone]$ make clean
rm -f blas/MatrixBlas.cc blas/MatrixBlas.h blas/MatrixBlas.inc RunSummaXTBlas
rm -f *.cc *.h *.inc *.o RunSummaXT
[vj0@triloka8 summa-team-standalone]$ make all
~/x102101/x10.dist/bin/x10c++ -x10rt mpi -report postcompile=2 -v -errors 5 -O -VERBOSE_CALLS -NO_CHECKS=true RunSummaXT.x10 -o RunSummaXT 
"/opt/ibm/java-x86_64-60//bin/java" -Xmx512m   -classpath "/gsa/yktgsa/home/v/j/vj0/x102101/x10.dist/lib/x10c.jar:/gsa/yktgsa/home/v/j/vj0/x102101/x10.dist/classes:/gsa/yktgsa/home/v/j/vj0/x102101/x10.dist/lib/x10c.jar:/gsa/yktgsa/home/v/j/vj0/x102101/x10.dist/lib/x10.jar:/gsa/yktgsa/home/v/j/vj0/x102101/x10.dist/lib/:/gsa/yktgsa/home/v/j/vj0/x102101/x10.dist/lib/:/gsa/yktgsa/home/v/j/vj0/x102101/x10.dist/lib/:/gsa/yktgsa/home/v/j/vj0/x102101/x10.dist/lib/lpg.jar:/gsa/yktgsa/home/v/j/vj0/x102101/x10.dist/lib/wala.jar:/gsa/yktgsa/home/v/j/vj0/x102101/x10.dist/lib/com.ibm.wala.cast.x10.jar:/gsa/yktgsa/home/v/j/vj0/x102101/x10.dist/lib/org.eclipse.equinox.common_3.6.0.v20100503.jar"  polyglot.main.Main -extclass x10cuda.ExtensionInfo  -sourcepath "/gsa/yktgsa/home/v/j/vj0/x102101/x10.dist/lib/x10.jar"  -OPTIMIZE=true  '-report' 'postcompile=2' '-errors' '5' '-VERBOSE_CALLS' '-NO_CHECKS=true' 'RunSummaXT.x10' '-o' 'RunSummaXT'
 Output files: [RunSummaXT.inc, SummaTeam.cc, SummaTeam.h, RunSummaXT.h, SummaTeam.inc, RunSummaXT.cc]
Executing post-compiler mpicxx -g -I/gsa/yktgsa/home/v/j/vj0/x102101/x10.dist/include -I/gsa/yktgsa-h1/06/vj0/ipm/examples/summa-team-standalone -I. -O2 -DNDEBUG -DNO_PLACE_CHECKS -finline-functions -DNO_CHECKS -Wno-long-long -Wno-unused-parameter -pthread -msse2 -mfpmath=sse -o /gsa/yktgsa-h1/06/vj0/ipm/examples/summa-team-standalone/RunSummaXT SummaTeam.cc RunSummaXT.cc -L/gsa/yktgsa/home/v/j/vj0/x102101/x10.dist/lib -lx10 -DX10_USE_BDWGC -lgc -lx10rt_mpi -ldl -lm -lpthread -Wl,--rpath -Wl,/gsa/yktgsa/home/v/j/vj0/x102101/x10.dist/lib -Wl,-export-dynamic -lrt 
rm -f blas/MatrixBlas.cc blas/MatrixBlas.h blas/MatrixBlas.inc RunSummaXTBlas
~/x102101/x10.dist/bin/x10c++ -x10rt mpi -report postcompile=2 -v -errors 5 -O -VERBOSE_CALLS -NO_CHECKS=true RunSummaXTBlas.x10 -o RunSummaXTBlas -post 'g++ #  # -lblas -lgfortran -lpmi'
"/opt/ibm/java-x86_64-60//bin/java" -Xmx512m   -classpath "/gsa/yktgsa/home/v/j/vj0/x102101/x10.dist/lib/x10c.jar:/gsa/yktgsa/home/v/j/vj0/x102101/x10.dist/classes:/gsa/yktgsa/home/v/j/vj0/x102101/x10.dist/lib/x10c.jar:/gsa/yktgsa/home/v/j/vj0/x102101/x10.dist/lib/x10.jar:/gsa/yktgsa/home/v/j/vj0/x102101/x10.dist/lib/:/gsa/yktgsa/home/v/j/vj0/x102101/x10.dist/lib/:/gsa/yktgsa/home/v/j/vj0/x102101/x10.dist/lib/:/gsa/yktgsa/home/v/j/vj0/x102101/x10.dist/lib/lpg.jar:/gsa/yktgsa/home/v/j/vj0/x102101/x10.dist/lib/wala.jar:/gsa/yktgsa/home/v/j/vj0/x102101/x10.dist/lib/com.ibm.wala.cast.x10.jar:/gsa/yktgsa/home/v/j/vj0/x102101/x10.dist/lib/org.eclipse.equinox.common_3.6.0.v20100503.jar"  polyglot.main.Main -extclass x10cuda.ExtensionInfo  -sourcepath "/gsa/yktgsa/home/v/j/vj0/x102101/x10.dist/lib/x10.jar"  -OPTIMIZE=true  '-report' 'postcompile=2' '-errors' '5' '-VERBOSE_CALLS' '-NO_CHECKS=true' 'RunSummaXTBlas.x10' '-o' 'RunSummaXTBlas' '-post' 'g++ #  # -lblas -lgfortran -lpmi'
 Output files: [blas/MatrixBlas.inc, SummaTeamBlas.h, RunSummaXTBlas.cc, blas/wrap_blas.c, SummaTeamBlas.cc, RunSummaXTBlas.h, blas/wrap_blas.h, SummaTeamBlas.inc, blas/MatrixBlas.h, RunSummaXTBlas.inc, blas/MatrixBlas.cc]
Executing post-compiler g++ -g -I/gsa/yktgsa/home/v/j/vj0/x102101/x10.dist/include -I/gsa/yktgsa-h1/06/vj0/ipm/examples/summa-team-standalone -I. -O2 -DNDEBUG -DNO_PLACE_CHECKS -finline-functions -DNO_CHECKS -Wno-long-long -Wno-unused-parameter -pthread -msse2 -mfpmath=sse -o /gsa/yktgsa-h1/06/vj0/ipm/examples/summa-team-standalone/RunSummaXTBlas RunSummaXTBlas.cc blas/wrap_blas.c SummaTeamBlas.cc blas/MatrixBlas.cc -L/gsa/yktgsa/home/v/j/vj0/x102101/x10.dist/lib -lx10 -DX10_USE_BDWGC -lgc -lx10rt_mpi -ldl -lm -lpthread -Wl,--rpath -Wl,/gsa/yktgsa/home/v/j/vj0/x102101/x10.dist/lib -Wl,-export-dynamic -lrt -lblas -lgfortran -lpmi 
x10c++: /usr/bin/ld: warning: libgfortran.so.1, needed by /usr/lib/gcc/x86_64-redhat-linux6E/4.3.2/../../../../lib64/libblas.so, may conflict with libgfortran.so.3    
[vj0@triloka8 summa-team-standalone]$ ls -atlr
total 4838
-rw-rw-r-- 1 vj0 vj0    6575 Nov 13 15:26 SummaTeam.x10
-rw-rw-r-- 1 vj0 vj0    6729 Nov 13 15:26 SummaTeamBlas.x10
-rw-rw-r-- 1 vj0 vj0    6819 Nov 13 15:26 RunSummaXT.x10
-rw-rw-r-- 1 vj0 vj0    7163 Nov 13 15:26 RunSummaXTBlas.x10~
-rwxrwxr-x 1 vj0 vj0    2062 Nov 13 15:26 Makefile~
-rw-rw-r-- 1 vj0 vj0     421 Nov 13 15:26 README
drwxr-xr-x 5 vj0 vj0    2048 Nov 13 15:26 ..
drwxr-xr-x 6 vj0 vj0    2048 Nov 13 15:26 .svn
-rw-rw-r-- 1 vj0 vj0    7022 Nov 13 15:31 RunSummaXTBlas.x10
-rwxrwxr-x 1 vj0 vj0    2070 Nov 13 15:40 Makefile
-rw-r--r-- 1 vj0 vj0   33833 Nov 13 15:40 RunSummaXT.cc
-rw-r--r-- 1 vj0 vj0    6112 Nov 13 15:40 RunSummaXT.h
-rw-r--r-- 1 vj0 vj0   14050 Nov 13 15:40 RunSummaXT.inc
-rw-r--r-- 1 vj0 vj0   40803 Nov 13 15:40 SummaTeam.cc
-rw-r--r-- 1 vj0 vj0    5675 Nov 13 15:40 SummaTeam.h
-rw-r--r-- 1 vj0 vj0   14222 Nov 13 15:40 SummaTeam.inc
-rwxr-xr-x 1 vj0 vj0 2243660 Nov 13 15:41 RunSummaXT
-rw-r--r-- 1 vj0 vj0   35039 Nov 13 15:41 RunSummaXTBlas.cc
-rw-r--r-- 1 vj0 vj0    6192 Nov 13 15:41 RunSummaXTBlas.h
-rw-r--r-- 1 vj0 vj0   14262 Nov 13 15:41 RunSummaXTBlas.inc
-rw-r--r-- 1 vj0 vj0   42673 Nov 13 15:41 SummaTeamBlas.cc
-rw-r--r-- 1 vj0 vj0    5819 Nov 13 15:41 SummaTeamBlas.h
-rw-r--r-- 1 vj0 vj0   14466 Nov 13 15:41 SummaTeamBlas.inc
drwxr-xr-x 3 vj0 vj0    2048 Nov 13 15:41 blas
drwxr-xr-x 4 vj0 vj0    2048 Nov 13 15:41 .
-rwxr-xr-x 1 vj0 vj0 2332050 Nov 13 15:41 RunSummaXTBlas
[vj0@triloka8 summa-team-standalone]$ ldd RunSummaXTBlas
	libx10.so => /gsa/yktgsa/home/v/j/vj0/x102101/x10.dist/lib/libx10.so (0x00002afc92478000)
	libgc.so.1 => /gsa/yktgsa/home/v/j/vj0/x102101/x10.dist/lib/libgc.so.1 (0x00002afc93467000)
	libx10rt_mpi.so => /gsa/yktgsa/home/v/j/vj0/x102101/x10.dist/lib/libx10rt_mpi.so (0x00002afc936bd000)
	libdl.so.2 => /lib64/libdl.so.2 (0x0000003649400000)
	libpthread.so.0 => /lib64/libpthread.so.0 (0x0000003649800000)
	librt.so.1 => /lib64/librt.so.1 (0x000000364c800000)
	libblas.so.3 => /usr/lib64/libblas.so.3 (0x00002afc9390c000)
	libgfortran.so.3 => /usr/lib64/libgfortran.so.3 (0x00002afc93b5d000)
	libpmi.so.0 => /usr/lib64/libpmi.so.0 (0x00002afc93e47000)
	libstdc++.so.6 => /usr/lib64/libstdc++.so.6 (0x000000364ec00000)
	libm.so.6 => /lib64/libm.so.6 (0x0000003649000000)
	libgcc_s.so.1 => /lib64/libgcc_s.so.1 (0x000000364b800000)
	libc.so.6 => /lib64/libc.so.6 (0x0000003648c00000)
	/lib64/ld-linux-x86-64.so.2 (0x0000003648800000)
	libmpichcxx.so.1.1 => /usr/local/mvapich2/mvapich2-1.4-2009-11-15/lib/libmpichcxx.so.1.1 (0x00002afc9404e000)
	libmpich.so.1.1 => /usr/local/mvapich2/mvapich2-1.4-2009-11-15/lib/libmpich.so.1.1 (0x00002afc94272000)
	librdmacm.so.1 => /usr/lib64/librdmacm.so.1 (0x000000364a000000)
	libibverbs.so.1 => /usr/lib64/libibverbs.so.1 (0x00002afc9465b000)
	libibumad.so.1 => /usr/lib64/libibumad.so.1 (0x0000003649c00000)
	libgfortran.so.1 => /usr/lib64/libgfortran.so.1 (0x00002afc94869000)
	libslurm.so.21 => /usr/lib64/libslurm.so.21 (0x00002afc94b00000)
	libibcommon.so.1 => /usr/lib64/libibcommon.so.1 (0x00002afc94dcc000)
[vj0@triloka8 summa-team-standalone]$ srun -n4 RunSummaXTBlas 1024 32
Set Matrix size:1024, Panel size:32
Starting X10 SUMMA-Team-BLAS: Matrix:1024x1024, 2x2 blocks(places), panel:32
X10 SUMMA-Team-BLAS (1024x400): Run time: 0.540 (s)  MFLOPS: 3976.822 (994.205 for each proc)
[vj0@triloka8 summa-team-standalone]$ 
[vj0@triloka8 summa-team-standalone]$ srun -n4 RunSummaXTBlas 8196 32
Set Matrix size:8196, Panel size:32
Starting X10 SUMMA-Team-BLAS: Matrix:8196x8196, 2x2 blocks(places), panel:32

srun: interrupt (one more within 1 sec to abort)
srun: tasks 0-3: running
srun: sending Ctrl-C to job 82156.0
srun: Job step aborted: Waiting up to 2 seconds for job step to finish.
slurmd[triloka9]: *** STEP 82156.0 KILLED AT 2010-11-13T15:46:21 WITH SIGNAL 9 ***
[vj0@triloka8 summa-team-standalone]$ 

[vj0@triloka8 summa-team-standalone]$ [vj0@triloka8 summa-team-standalone]$ 
[vj0@triloka8 summa-team-standalone]$ 
[vj0@triloka8 summa-team-standalone]$ 
[vj0@triloka8 summa-team-standalone]$ srun -n4 RunSummaXTBlas 4096 32
Set Matrix size:4096, Panel size:32
Starting X10 SUMMA-Team-BLAS: Matrix:4096x4096, 2x2 blocks(places), panel:32
X10 SUMMA-Team-BLAS (4096x1000): Run time: 29.424 (s)  MFLOPS: 4670.981 (1167.745 for each proc)
[vj0@triloka8 summa-team-standalone]$ srun -n16 RunSummaXTBlas 8196 32
Set Matrix size:8196, Panel size:32
Starting X10 SUMMA-Team-BLAS: Matrix:8196x8196, 4x4 blocks(places), panel:32
X10 SUMMA-Team-BLAS (8196x2004): Run time: 59.003 (s)  MFLOPS: 18662.153 (1166.385 for each proc)
[vj0@triloka8 summa-team-standalone]$ pwd
/gsa/yktgsa/home/v/j/vj0/ipm/examples/summa-team-standalone
[vj0@triloka8 summa-team-standalone]$ 